     1                                  bits 32
     2                                  
     3                                  global start
     4                                  extern exit, printf
     5                                  import exit msvcrt.dll
     6                                  import printf msvcrt.dll
     7                                  
     8                                  ; Se dau doua numere naturale a si b (a, b: dword, definite in segmentul de date). Sa se calculeze suma lor si sa se afiseze in urmatorul format: "<a> + <b> = <result>"
     9                                  ; Exemplu: "1 + 2 = 3"
    10                                  ; Valorile vor fi afisate in format decimal (baza 10) cu semn.
    11                                  
    12                                  segment data use32 class=data
    13 00000000 0A000000                    a dd 10
    14 00000004 9CFFFFFF                    b dd -100
    15 00000008 <res 00000004>              suma resd 1
    16 0000000C 25642564                    formats dd '%d%d'
    17 00000010 2564202B202564203D-         formatp dd '%d + %d = %d'
    17 00000019 202564             
    18                                      
    19                                  segment code use32 class=code
    20                                      start:
    21 00000000 A1[00000000]                    mov eax, [a]
    22 00000005 0305[04000000]                  add eax, [b]
    23 0000000B A3[08000000]                    mov [suma], eax
    24                                          
    25 00000010 FF35[08000000]                  push dword [suma]
    26 00000016 FF35[04000000]                  push dword [b]
    27 0000001C FF35[00000000]                  push dword [a]
    28 00000022 68[10000000]                    push formatp
    29 00000027 FF15[00000000]                  call [printf]
    30 0000002D 83C410                          add esp, 4*4
