     1                                  bits 32
     2                                  
     3                                  global start
     4                                  extern exit, printf
     5                                  import exit msvcrt.dll
     6                                  import printf msvcrt.dll
     7                                  
     8                                  segment data use32 class=data
     9 00000000 341234123142314278-         sir_dwords dd 12341234h, 42314231h, 12345678h, 56232356h
     9 00000009 56341256232356     
    10                                      len1 equ ($-sir_dwords)/4
    11 00000010 0000<rept>                  sir_words times len1 dw 0
    12 00000018 00000000                    suma dd 0
    13 0000001C 53756D612065737465-         mesaj db 'Suma este: %d', 0
    13 00000025 3A20256400         
    14                                      
    15                                  segment code use32 class=code
    16                                      start:
    17 00000000 FC                              cld
    18 00000001 B904000000                      mov ecx, len1
    19 00000006 BF[10000000]                    mov edi, sir_words
    20 0000000B BE[01000000]                    mov esi, sir_dwords+1
    21 00000010 51                              push ecx
    22                                          repeta:
    23 00000011 A4                                  movsb
    24 00000012 46                                  inc esi
    25 00000013 A4                                  movsb
    26 00000014 46                                  inc esi
    27 00000015 E2FA                            loop repeta
    28 00000017 59                              pop ecx
    29 00000018 BE[10000000]                    mov esi, sir_words
    30                                          aduna:
    31 0000001D 66AD                                lodsw
    32 0000001F 51                                  push ecx
    33 00000020 B910000000                          mov ecx, 16
    34                                              muta:
    35 00000025 66D1E8                                  shr ax, 1
    36 00000028 8315[18000000]00                        adc dword [suma], 0
    37 0000002F E2F4                                loop muta
    38 00000031 59                                  pop ecx
    39 00000032 E2E9                            loop aduna
    40 00000034 FF35[18000000]                  push dword [suma]
    41 0000003A 68[1C000000]                    push mesaj
    42 0000003F FF15[00000000]                  call [printf]
    43 00000045 83C408                          add esp, 8
